// Jest Snapshot v1, https://goo.gl/fbAQLP

exports[`the WesnothUnit component renders as expected 1`] = `
<div>
  <div>
    <dl>
      <dt>
        Name:
      </dt>
      <dd>
        Assassin
      </dd>
      <dt>
        Level:
      </dt>
      <dd>
        3
      </dd>
      <dt>
        Cost:
      </dt>
      <dd>
        44
      </dd>
    </dl>
    <div
      style="background-image: url(data:image/png;base64,iVBORw0KGgoAAAANSUhEUgAAAEgAAABICAYAAABV7bNHAAAEE0lEQVR4AezBgQAAAACAoP2pF6kCAAAAACbP/FmjCqIo/qpkE7LJChvzNili1ogvf8BssmgQYyGKEEEkIChqJYgQsDCFSArtVBBstjCNYOt3sN1uxcrOtCn9CNecgQOXy9vZfQjyZnbgMH/2zer97Zk7My//qaQrLTlMbkmtVpO8zzGep5EA8yV54vQreeMgYcxCuff8gdP7z29dvbWzJWmaxQ0JMDQU1ACl+wQEIIBDRQ9Jw9HLCGA0LIyhDRAAAjAWDh0XRWHAdIodhwhJPwsRCMQ2xgkyeDA6YP0ZxzQcCxNug9j+8+gr2wQrI5GH+kCFAIVwIA0n3mTtWx4EdLC7ovMSRahxb/l5S+N+siqNRkPnGwep1+u5PqGgj3G0OSeJvVSrVeYWBM0tHgIMp5+f9lBjjHCYn9COFxIcgAARKNqo8w6KFPp6J1Nz44OEQC0cJGIC0mcgDQfCc5xH50UH58ZSjQE6ZRuZtPb2pdPtSvfkhJAo9CnM466GNhRP0gYY5hYGSzgogIO2dpBtEx6B2X7QzgGYH509keNDASzsWIQD96AwB7348Ipg2Odywzy7HMO/9QMI4aBGIBoOl5ZNzgADsa0B8VKrzlAAHyYkGwAEKE8/doRwMuUIwkCfY4TD7yPQPHcGB4eBSHdXCIeJWf/imcktEKBAaNvvxRgTP89MqINyEQP4vl8RFEACHLiHgdiAtWt874MIU0HSzgoDVLbBpEpIx6gtHLszWfEy64NEOF7nla7gP4n/NEChPmilcJGrGSBPyQShXURAw9zmCURDxb+DutQOIiAuE8LRgAiJEOw4RGiD3grQQfrHKHUOoou8y8O8aBP5Ld+Ontl7mhcSxvzLuYTnH+5cvoAIEOcaAFDj9jMC6huwf0MoKaS88bykqt2ha4LRh0NfwP4jRWBnpGazaR1COJR+7VH4/mUPpUFCoswrDi06zO5uQwWbd60JCk6/VxsWoL2HEWRRSChBQGKwJkETjne3o4uKBGpfrQQBR7sBYCCf24wKO0G/nCs7ILpgKDfMzMx44ERW7PkHtV1a9i8gtx/fldbVlszNXZTNa5twXXyA6AQEqWuq35xKpSLT06m7rtx8eEdev3sJWJwT39/D1tvrUq83KdfHOJ85m7SPqPHxcVlaWxbUU1N1WVhakMULi6ftqbjgMHC4YW37kguUQh/jhKI1NjYmVpOTZ2R+cd7NqVZn3bzgwdiAz60uy/b1tqsnJmoYGwgIz9XTOnQ677xc2WnLbGMWwDg3PFCDAmbbAtKygDSoyztbHNOQwgXEQLV8cHxLTYOy3xE8IAbmBVQAln0m5BzEHAKZX//fFXSi5ratlxkdMAIwijuJGk0onjKygf9tD44FAAAAAAb5W89hd7UBAAAQICCVeczepCIAAAAASUVORK5CYII=); height: 72px; width: 72px; background-repeat: no-repeat; display: inline-block;"
    />
  </div>
</div>
`;
